---
created: "2019-08-28T14:49:57.958175708Z"
creator: insta@0.8.1
source: asdl/src/lib.rs
expression: root
---
Root {
    types: [
        SumType(
            SumType {
                type_id: TypeId(
                    "stm",
                ),
                constructors: [
                    Constr {
                        id: ConstrId(
                            "Compound",
                        ),
                        fields: [
                            Required(
                                Required {
                                    type_id: TypeId(
                                        "stm",
                                    ),
                                    id: Some(
                                        Id(
                                            "s1",
                                        ),
                                    ),
                                },
                            ),
                            Repeated(
                                Repeated {
                                    type_id: TypeId(
                                        "stm",
                                    ),
                                    id: Some(
                                        Id(
                                            "s2",
                                        ),
                                    ),
                                },
                            ),
                        ],
                        comments: [],
                    },
                    Constr {
                        id: ConstrId(
                            "Single",
                        ),
                        fields: [
                            Required(
                                Required {
                                    type_id: TypeId(
                                        "stm",
                                    ),
                                    id: None,
                                },
                            ),
                        ],
                        comments: [],
                    },
                ],
                attrs: Some(
                    Attrs {
                        fields: [
                            Optional(
                                Optional {
                                    type_id: TypeId(
                                        "prodType",
                                    ),
                                    id: None,
                                },
                            ),
                        ],
                    },
                ),
                comments: [],
            },
        ),
        ProdType(
            ProdType {
                type_id: TypeId(
                    "prodType",
                ),
                fields: [
                    Required(
                        Required {
                            type_id: TypeId(
                                "stm",
                            ),
                            id: Some(
                                Id(
                                    "s1",
                                ),
                            ),
                        },
                    ),
                ],
                comments: [],
            },
        ),
    ],
    comments: [],
}
