---
created: "2019-08-15T12:01:28.045817900Z"
creator: insta@0.8.1
source: src/lib.rs
expression: root
---
Root {
    types: [
        SumType(
            SumType {
                type_id: TypeId(
                    "stm",
                ),
                constructors: [
                    Constr {
                        id: ConstrId(
                            "Compound",
                        ),
                        fields: [
                            Single(
                                Single {
                                    type_id: TypeId(
                                        "stm",
                                    ),
                                    id: Some(
                                        Id(
                                            "s1",
                                        ),
                                    ),
                                },
                            ),
                            Sequence(
                                Sequence {
                                    type_id: TypeId(
                                        "stm",
                                    ),
                                    id: Some(
                                        Id(
                                            "s2",
                                        ),
                                    ),
                                },
                            ),
                        ],
                    },
                    Constr {
                        id: ConstrId(
                            "Single",
                        ),
                        fields: [
                            Single(
                                Single {
                                    type_id: TypeId(
                                        "stm",
                                    ),
                                    id: None,
                                },
                            ),
                        ],
                    },
                ],
                attrs: Some(
                    Attrs {
                        fields: [
                            Opt(
                                Opt {
                                    type_id: TypeId(
                                        "prodType",
                                    ),
                                    id: None,
                                },
                            ),
                        ],
                    },
                ),
            },
        ),
        ProdType(
            ProdType {
                type_id: TypeId(
                    "prodType",
                ),
                fields: [
                    Single(
                        Single {
                            type_id: TypeId(
                                "stm",
                            ),
                            id: Some(
                                Id(
                                    "s1",
                                ),
                            ),
                        },
                    ),
                ],
            },
        ),
    ],
}
