---
created: "2019-08-28T14:53:12.761741829Z"
creator: insta@0.8.1
source: asdl/src/lib.rs
expression: root
---
Root {
    types: [
        SumType(
            SumType {
                type_id: TypeId(
                    "stm",
                ),
                constructors: [
                    Constr {
                        id: ConstrId(
                            "Compound",
                        ),
                        fields: [
                            Required(
                                Required {
                                    type_id: TypeId(
                                        "stm",
                                    ),
                                    id: Some(
                                        Id(
                                            "s1",
                                        ),
                                    ),
                                },
                            ),
                            Repeated(
                                Repeated {
                                    type_id: TypeId(
                                        "stm",
                                    ),
                                    id: Some(
                                        Id(
                                            "s2",
                                        ),
                                    ),
                                },
                            ),
                        ],
                        comments: [
                            "Compound comment line 1",
                            "Compound comment line 2",
                        ],
                    },
                    Constr {
                        id: ConstrId(
                            "Single",
                        ),
                        fields: [
                            Required(
                                Required {
                                    type_id: TypeId(
                                        "stm",
                                    ),
                                    id: None,
                                },
                            ),
                        ],
                        comments: [
                            "Single comment line 1",
                            "Single comment line 2 ",
                        ],
                    },
                ],
                attrs: None,
                comments: [
                    "stm comment line 1",
                    "stm comment line 2",
                ],
            },
        ),
        SumType(
            SumType {
                type_id: TypeId(
                    "noFields",
                ),
                constructors: [
                    Constr {
                        id: ConstrId(
                            "One",
                        ),
                        fields: [],
                        comments: [],
                    },
                    Constr {
                        id: ConstrId(
                            "Two",
                        ),
                        fields: [],
                        comments: [],
                    },
                    Constr {
                        id: ConstrId(
                            "Three",
                        ),
                        fields: [],
                        comments: [],
                    },
                ],
                attrs: None,
                comments: [
                    "noFields comment line 1",
                    "noFields comment line 2",
                ],
            },
        ),
        ProdType(
            ProdType {
                type_id: TypeId(
                    "prodType",
                ),
                fields: [
                    Optional(
                        Optional {
                            type_id: TypeId(
                                "noFields",
                            ),
                            id: Some(
                                Id(
                                    "f",
                                ),
                            ),
                        },
                    ),
                    Required(
                        Required {
                            type_id: TypeId(
                                "stm",
                            ),
                            id: Some(
                                Id(
                                    "s1",
                                ),
                            ),
                        },
                    ),
                ],
                comments: [
                    "prodType comment line 1",
                    "prodType comment line 2",
                ],
            },
        ),
    ],
    comments: [
        "Root comment line 1",
        "Root comment line 2",
    ],
}
