---
created: "2019-08-28T14:53:40.627431186Z"
creator: insta@0.8.1
source: asdl/src/lib.rs
expression: model
---
Asdl {
    types: [
        SumType(
            SumType {
                id: "stm",
                constructors: [
                    Constructor {
                        id: "Compound",
                        fields: [
                            Field {
                                id: "s1",
                                type_id: "stm",
                                arity: Required,
                            },
                            Field {
                                id: "s2",
                                type_id: "stm",
                                arity: Repeated,
                            },
                        ],
                        comments: [
                            "Compound comment line 1",
                            "Compound comment line 2",
                        ],
                    },
                    Constructor {
                        id: "Single",
                        fields: [
                            Field {
                                id: "stm",
                                type_id: "stm",
                                arity: Required,
                            },
                        ],
                        comments: [
                            "Single comment line 1",
                            "Single comment line 2 ",
                        ],
                    },
                ],
                attributes: [],
                comments: [
                    "stm comment line 1",
                    "stm comment line 2",
                ],
            },
        ),
        SumType(
            SumType {
                id: "noFields",
                constructors: [
                    Constructor {
                        id: "One",
                        fields: [],
                        comments: [],
                    },
                    Constructor {
                        id: "Two",
                        fields: [],
                        comments: [],
                    },
                    Constructor {
                        id: "Three",
                        fields: [],
                        comments: [],
                    },
                ],
                attributes: [],
                comments: [
                    "noFields comment line 1",
                    "noFields comment line 2",
                ],
            },
        ),
        ProdType(
            ProdType {
                id: "prodType",
                fields: [
                    Field {
                        id: "f",
                        type_id: "noFields",
                        arity: Optional,
                    },
                    Field {
                        id: "s1",
                        type_id: "stm",
                        arity: Required,
                    },
                ],
                comments: [
                    "prodType comment line 1",
                    "prodType comment line 2",
                ],
            },
        ),
    ],
    comments: [
        "Root comment line 1",
        "Root comment line 2",
    ],
}
