---
created: "2019-06-07T15:08:41.234090928Z"
creator: insta@0.8.1
source: src/lib.rs
expression: root.debug_dump()
---
SyntaxKind(21)@[0; 171)
  SyntaxKind(8)@[0; 13)
  SyntaxKind(22)@[13; 87)
    SyntaxKind(6)@[13; 16)
    SyntaxKind(8)@[16; 17)
    SyntaxKind(9)@[17; 18)
    SyntaxKind(8)@[18; 19)
    SyntaxKind(23)@[19; 87)
      SyntaxKind(25)@[19; 44)
        SyntaxKind(7)@[19; 27)
        SyntaxKind(26)@[27; 44)
          SyntaxKind(0)@[27; 28)
          SyntaxKind(27)@[28; 34)
            SyntaxKind(6)@[28; 31)
            SyntaxKind(8)@[31; 32)
            SyntaxKind(28)@[32; 34)
          SyntaxKind(5)@[34; 35)
          SyntaxKind(8)@[35; 36)
          SyntaxKind(27)@[36; 43)
            SyntaxKind(6)@[36; 39)
            SyntaxKind(4)@[39; 40)
            SyntaxKind(8)@[40; 41)
            SyntaxKind(28)@[41; 43)
          SyntaxKind(1)@[43; 44)
      SyntaxKind(8)@[44; 61)
      SyntaxKind(2)@[61; 62)
      SyntaxKind(8)@[62; 63)
      SyntaxKind(25)@[63; 74)
        SyntaxKind(7)@[63; 69)
        SyntaxKind(26)@[69; 74)
          SyntaxKind(0)@[69; 70)
          SyntaxKind(27)@[70; 73)
            SyntaxKind(6)@[70; 73)
          SyntaxKind(1)@[73; 74)
      SyntaxKind(8)@[74; 87)
  SyntaxKind(22)@[87; 126)
    SyntaxKind(6)@[87; 95)
    SyntaxKind(8)@[95; 96)
    SyntaxKind(9)@[96; 97)
    SyntaxKind(8)@[97; 98)
    SyntaxKind(23)@[98; 126)
      SyntaxKind(25)@[98; 102)
        SyntaxKind(7)@[98; 101)
        SyntaxKind(8)@[101; 102)
      SyntaxKind(2)@[102; 103)
      SyntaxKind(8)@[103; 104)
      SyntaxKind(25)@[104; 107)
        SyntaxKind(7)@[104; 107)
      SyntaxKind(2)@[107; 108)
      SyntaxKind(8)@[108; 109)
      SyntaxKind(25)@[109; 126)
        SyntaxKind(7)@[109; 113)
        SyntaxKind(8)@[113; 126)
  SyntaxKind(22)@[126; 158)
    SyntaxKind(6)@[126; 134)
    SyntaxKind(8)@[134; 135)
    SyntaxKind(9)@[135; 136)
    SyntaxKind(8)@[136; 137)
    SyntaxKind(24)@[137; 158)
      SyntaxKind(26)@[137; 158)
        SyntaxKind(0)@[137; 138)
        SyntaxKind(27)@[138; 149)
          SyntaxKind(6)@[138; 146)
          SyntaxKind(3)@[146; 147)
          SyntaxKind(8)@[147; 148)
          SyntaxKind(28)@[148; 149)
        SyntaxKind(5)@[149; 150)
        SyntaxKind(8)@[150; 151)
        SyntaxKind(27)@[151; 157)
          SyntaxKind(6)@[151; 154)
          SyntaxKind(8)@[154; 155)
          SyntaxKind(28)@[155; 157)
        SyntaxKind(1)@[157; 158)
  SyntaxKind(8)@[158; 171)

