---
created: "2019-07-02T07:42:36.376751098Z"
creator: insta@0.8.1
source: src/lib.rs
expression: root.debug_dump()
---
node SyntaxKind(21)@[0; 173)
  token SyntaxKind(8)@[0; 13)
  node SyntaxKind(22)@[13; 87)
    node SyntaxKind(6)@[13; 16)
      token SyntaxKind(6)@[13; 16)
    token SyntaxKind(8)@[16; 17)
    token SyntaxKind(9)@[17; 18)
    token SyntaxKind(8)@[18; 19)
    node SyntaxKind(24)@[19; 44)
      node SyntaxKind(7)@[19; 27)
        token SyntaxKind(7)@[19; 27)
      token SyntaxKind(0)@[27; 28)
      node SyntaxKind(26)@[28; 34)
        node SyntaxKind(6)@[28; 31)
          token SyntaxKind(6)@[28; 31)
        token SyntaxKind(8)@[31; 32)
        node SyntaxKind(25)@[32; 34)
          token SyntaxKind(6)@[32; 34)
      token SyntaxKind(5)@[34; 35)
      token SyntaxKind(8)@[35; 36)
      node SyntaxKind(28)@[36; 43)
        node SyntaxKind(6)@[36; 39)
          token SyntaxKind(6)@[36; 39)
        token SyntaxKind(4)@[39; 40)
        token SyntaxKind(8)@[40; 41)
        node SyntaxKind(25)@[41; 43)
          token SyntaxKind(6)@[41; 43)
      token SyntaxKind(1)@[43; 44)
    token SyntaxKind(8)@[44; 61)
    token SyntaxKind(2)@[61; 62)
    token SyntaxKind(8)@[62; 63)
    node SyntaxKind(24)@[63; 74)
      node SyntaxKind(7)@[63; 69)
        token SyntaxKind(7)@[63; 69)
      token SyntaxKind(0)@[69; 70)
      node SyntaxKind(26)@[70; 73)
        node SyntaxKind(6)@[70; 73)
          token SyntaxKind(6)@[70; 73)
      token SyntaxKind(1)@[73; 74)
    token SyntaxKind(8)@[74; 87)
  node SyntaxKind(22)@[87; 128)
    node SyntaxKind(6)@[87; 95)
      token SyntaxKind(6)@[87; 95)
    token SyntaxKind(8)@[95; 96)
    token SyntaxKind(9)@[96; 97)
    token SyntaxKind(8)@[97; 98)
    node SyntaxKind(24)@[98; 102)
      node SyntaxKind(7)@[98; 101)
        token SyntaxKind(7)@[98; 101)
      token SyntaxKind(8)@[101; 102)
    token SyntaxKind(2)@[102; 103)
    token SyntaxKind(8)@[103; 104)
    node SyntaxKind(24)@[104; 108)
      node SyntaxKind(7)@[104; 107)
        token SyntaxKind(7)@[104; 107)
      token SyntaxKind(8)@[107; 108)
    token SyntaxKind(2)@[108; 109)
    token SyntaxKind(8)@[109; 110)
    node SyntaxKind(24)@[110; 128)
      node SyntaxKind(7)@[110; 115)
        token SyntaxKind(7)@[110; 115)
      token SyntaxKind(8)@[115; 128)
  node SyntaxKind(23)@[128; 160)
    node SyntaxKind(6)@[128; 136)
      token SyntaxKind(6)@[128; 136)
    token SyntaxKind(8)@[136; 137)
    token SyntaxKind(9)@[137; 138)
    token SyntaxKind(8)@[138; 139)
    token SyntaxKind(0)@[139; 140)
    node SyntaxKind(27)@[140; 151)
      node SyntaxKind(6)@[140; 148)
        token SyntaxKind(6)@[140; 148)
      token SyntaxKind(3)@[148; 149)
      token SyntaxKind(8)@[149; 150)
      node SyntaxKind(25)@[150; 151)
        token SyntaxKind(6)@[150; 151)
    token SyntaxKind(5)@[151; 152)
    token SyntaxKind(8)@[152; 153)
    node SyntaxKind(26)@[153; 159)
      node SyntaxKind(6)@[153; 156)
        token SyntaxKind(6)@[153; 156)
      token SyntaxKind(8)@[156; 157)
      node SyntaxKind(25)@[157; 159)
        token SyntaxKind(6)@[157; 159)
    token SyntaxKind(1)@[159; 160)
  token SyntaxKind(8)@[160; 173)

