---
created: "2019-06-17T09:33:35.250671462Z"
creator: insta@0.8.1
source: src/lib.rs
expression: model
---
Asdl {
    prod_types: [
        ProdType {
            id: "prodType",
            fields: [
                Field {
                    id: "f",
                    type_id: "noFileds",
                    is_single: false,
                    is_option: true,
                    is_sequence: false
                },
                Field {
                    id: "s1",
                    type_id: "stm",
                    is_single: false,
                    is_option: true,
                    is_sequence: false
                }
            ]
        }
    ],
    sum_types: [
        SumType {
            id: "stm",
            constructors: [
                Constructor {
                    id: "Compound",
                    fields: [
                        Field {
                            id: "s1",
                            type_id: "stm",
                            is_single: false,
                            is_option: true,
                            is_sequence: false
                        },
                        Field {
                            id: "s2",
                            type_id: "stm",
                            is_single: false,
                            is_option: false,
                            is_sequence: true
                        }
                    ]
                },
                Constructor {
                    id: "Single",
                    fields: [
                        Field {
                            id: "stm1",
                            type_id: "stm",
                            is_single: false,
                            is_option: true,
                            is_sequence: false
                        }
                    ]
                }
            ]
        },
        SumType {
            id: "noFileds",
            constructors: [
                Constructor {
                    id: "One",
                    fields: []
                },
                Constructor {
                    id: "Two",
                    fields: []
                },
                Constructor {
                    id: "Tree",
                    fields: []
                }
            ]
        }
    ]
}
